{
    "sarscov2 paired-end [bam]": {
        "content": [
            [

            ],
            [

            ],
            [

            ]
        ],
        "timestamp": "2026-07-15T14:59:37.284528725",
        "meta": {
            "nf-test": "0.9.5",
            "nextflow": "25.10.0"
        }
    },
    "sarscov2 paired-end [bam] - stub": {
        "content": [
            {
                "0": [
                    [
                        {
                            "id": "test",
                            "single_end": false
                        },
                        "test.summary.txt:md5,d41d8cd98f00b204e9800998ecf8427e"
                    ]
                ],
                "1": [
                    [
                        {
                            "id": "test",
                            "single_end": false
                        },
                        "test.tin.xls:md5,d41d8cd98f00b204e9800998ecf8427e"
                    ]
                ],
                "2": [
                    [
                        "RSEQC_TIN",
                        "rseqc",
                        "4.0.0"
                    ]
                ],
                "txt": [
                    [
                        {
                            "id": "test",
                            "single_end": false
                        },
                        "test.summary.txt:md5,d41d8cd98f00b204e9800998ecf8427e"
                    ]
                ],
                "versions_rseqc": [
                    [
                        "RSEQC_TIN",
                        "rseqc",
                        "4.0.0"
                    ]
                ],
                "xls": [
                    [
                        {
                            "id": "test",
                            "single_end": false
                        },
                        "test.tin.xls:md5,d41d8cd98f00b204e9800998ecf8427e"
                    ]
                ]
            }
        ],
        "timestamp": "2026-07-15T14:59:43.678153781",
        "meta": {
            "nf-test": "0.9.5",
            "nextflow": "25.10.0"
        }
    }
}
