{
    "RENEE QC files - paired-end": {
        "content": [
            [
                [
                    {
                        "id": "multiqc"
                    },
                    "multiqc_matrix.tsv:md5,994734bcae1bb72f2ea25229a5b0da48"
                ]
            ],
            [
                [
                    {
                        "id": "multiqc"
                    },
                    "rseqc_inner_distances.txt:md5,3086ef7aaeb4a0a28da39abfae3a2602"
                ]
            ],
            [
                [
                    {
                        "id": "multiqc"
                    },
                    "rseqc_median_tin.txt:md5,6e0601c8e260349689865b67ff52e41e"
                ]
            ],
            [
                [
                    {
                        "id": "multiqc"
                    },
                    "fastq_flowcell_lanes.txt:md5,ae09c43676419369285ad20ea3561769"
                ]
            ]
        ],
        "timestamp": "2026-09-24T11:12:02.663633171",
        "meta": {
            "nf-test": "0.9.5",
            "nextflow": "26.04.0"
        }
    }
}
