{
    "fasta_gtf": {
        "content": [
            "[Genome, Log.out, SA, SAindex, chrLength.txt, chrName.txt, chrNameLength.txt, chrStart.txt, exonGeTrInfo.tab, exonInfo.tab, geneInfo.tab, genomeParameters.txt, sjdbInfo.txt, sjdbList.fromGTF.out.tab, sjdbList.out.tab, transcriptInfo.tab]",
            {

            }
        ],
        "timestamp": "2026-06-25T15:34:25.319331387",
        "meta": {
            "nf-test": "0.9.5",
            "nextflow": "25.10.0"
        }
    },
    "fasta_gtf_stub": {
        "content": [
            {
                "0": [
                    [
                        {
                            "id": "reference"
                        },
                        "/nf-core/test-datasets/modules/data/genomics/homo_sapiens/genome/genome.fasta"
                    ]
                ],
                "1": [
                    [
                        {
                            "id": "reference"
                        },
                        "/nf-core/test-datasets/modules/data/genomics/homo_sapiens/genome/genome.gtf"
                    ]
                ],
                "10": [
                    [
                        "karyobed.bed:md5,d41d8cd98f00b204e9800998ecf8427e"
                    ]
                ],
                "11": [
                    "karyoplot_gene_coordinates.txt:md5,d41d8cd98f00b204e9800998ecf8427e"
                ],
                "12": [
                    "/projectnb/wax-es/alecs/renee/RENEE_NF/.nf-test/tests/78f2ace37ffc097a6e003a2351a018d1/work/e2/8daf67f04a5a4cd19ea4d8446f84b3/rsemref/custom_genome"
                ],
                "13": [
                    "custom_genome.rRNA_interval_list:md5,d41d8cd98f00b204e9800998ecf8427e"
                ],
                "14": [
                    "transcripts.protein_coding_only.bed12:md5,d41d8cd98f00b204e9800998ecf8427e"
                ],
                "15": [
                    [

                    ]
                ],
                "16": [
                    [

                    ]
                ],
                "17": [
                    [

                    ]
                ],
                "18": [
                    [

                    ]
                ],
                "19": [
                    [
                        "genome.fa:md5,d41d8cd98f00b204e9800998ecf8427e"
                    ],
                    "custom_genome.config:md5,d41d8cd98f00b204e9800998ecf8427e"
                ],
                "2": [
                    "geneinfo.bed:md5,d41d8cd98f00b204e9800998ecf8427e"
                ],
                "3": [
                    [
                        {
                            "id": "reference"
                        },
                        [
                            "Genome:md5,d41d8cd98f00b204e9800998ecf8427e",
                            "Log.out:md5,d41d8cd98f00b204e9800998ecf8427e",
                            "SA:md5,d41d8cd98f00b204e9800998ecf8427e",
                            "SAindex:md5,d41d8cd98f00b204e9800998ecf8427e",
                            "chrLength.txt:md5,d41d8cd98f00b204e9800998ecf8427e",
                            "chrName.txt:md5,d41d8cd98f00b204e9800998ecf8427e",
                            "chrNameLength.txt:md5,d41d8cd98f00b204e9800998ecf8427e",
                            "chrStart.txt:md5,d41d8cd98f00b204e9800998ecf8427e",
                            "exonGeTrInfo.tab:md5,d41d8cd98f00b204e9800998ecf8427e",
                            "exonInfo.tab:md5,d41d8cd98f00b204e9800998ecf8427e",
                            "geneInfo.tab:md5,d41d8cd98f00b204e9800998ecf8427e",
                            "genomeParameters.txt:md5,d41d8cd98f00b204e9800998ecf8427e",
                            "sjdbInfo.txt:md5,d41d8cd98f00b204e9800998ecf8427e",
                            "sjdbList.fromGTF.out.tab:md5,d41d8cd98f00b204e9800998ecf8427e",
                            "sjdbList.out.tab:md5,d41d8cd98f00b204e9800998ecf8427e",
                            "transcriptInfo.tab:md5,d41d8cd98f00b204e9800998ecf8427e"
                        ]
                    ]
                ],
                "4": [
                    "custom"
                ],
                "5": [
                    "annotate.genes.txt:md5,d41d8cd98f00b204e9800998ecf8427e"
                ],
                "6": [
                    "annotate.isoforms.txt:md5,d41d8cd98f00b204e9800998ecf8427e"
                ],
                "7": [
                    "refFlat.txt:md5,d41d8cd98f00b204e9800998ecf8427e"
                ],
                "8": [
                    "genes.ref.bed:md5,d41d8cd98f00b204e9800998ecf8427e"
                ],
                "9": [
                    "qualimap_info.txt:md5,d41d8cd98f00b204e9800998ecf8427e"
                ],
                "annotate": [
                    "annotate.genes.txt:md5,d41d8cd98f00b204e9800998ecf8427e"
                ],
                "annotate_isoforms": [
                    "annotate.isoforms.txt:md5,d41d8cd98f00b204e9800998ecf8427e"
                ],
                "bed_ref": [
                    "genes.ref.bed:md5,d41d8cd98f00b204e9800998ecf8427e"
                ],
                "conf": [
                    [
                        "genome.fa:md5,d41d8cd98f00b204e9800998ecf8427e"
                    ],
                    "custom_genome.config:md5,d41d8cd98f00b204e9800998ecf8427e"
                ],
                "fasta": [
                    [
                        {
                            "id": "reference"
                        },
                        "/nf-core/test-datasets/modules/data/genomics/homo_sapiens/genome/genome.fasta"
                    ]
                ],
                "fusion_blacklist": [
                    [

                    ]
                ],
                "fusion_cytoband": [
                    [

                    ]
                ],
                "fusion_known_fusions": [
                    [

                    ]
                ],
                "fusion_protdomain": [
                    [

                    ]
                ],
                "gene_info": [
                    "geneinfo.bed:md5,d41d8cd98f00b204e9800998ecf8427e"
                ],
                "genes_gtf": [
                    [
                        {
                            "id": "reference"
                        },
                        "/nf-core/test-datasets/modules/data/genomics/homo_sapiens/genome/genome.gtf"
                    ]
                ],
                "karyobeds": [
                    [
                        "karyobed.bed:md5,d41d8cd98f00b204e9800998ecf8427e"
                    ]
                ],
                "karyoploter": [
                    "karyoplot_gene_coordinates.txt:md5,d41d8cd98f00b204e9800998ecf8427e"
                ],
                "organism": [
                    "custom"
                ],
                "qualimap_info": [
                    "qualimap_info.txt:md5,d41d8cd98f00b204e9800998ecf8427e"
                ],
                "refflat": [
                    "refFlat.txt:md5,d41d8cd98f00b204e9800998ecf8427e"
                ],
                "rrna_list": [
                    "custom_genome.rRNA_interval_list:md5,d41d8cd98f00b204e9800998ecf8427e"
                ],
                "rsem_ref": [
                    "/projectnb/wax-es/alecs/renee/RENEE_NF/.nf-test/tests/78f2ace37ffc097a6e003a2351a018d1/work/e2/8daf67f04a5a4cd19ea4d8446f84b3/rsemref/custom_genome"
                ],
                "star_index": [
                    [
                        {
                            "id": "reference"
                        },
                        [
                            "Genome:md5,d41d8cd98f00b204e9800998ecf8427e",
                            "Log.out:md5,d41d8cd98f00b204e9800998ecf8427e",
                            "SA:md5,d41d8cd98f00b204e9800998ecf8427e",
                            "SAindex:md5,d41d8cd98f00b204e9800998ecf8427e",
                            "chrLength.txt:md5,d41d8cd98f00b204e9800998ecf8427e",
                            "chrName.txt:md5,d41d8cd98f00b204e9800998ecf8427e",
                            "chrNameLength.txt:md5,d41d8cd98f00b204e9800998ecf8427e",
                            "chrStart.txt:md5,d41d8cd98f00b204e9800998ecf8427e",
                            "exonGeTrInfo.tab:md5,d41d8cd98f00b204e9800998ecf8427e",
                            "exonInfo.tab:md5,d41d8cd98f00b204e9800998ecf8427e",
                            "geneInfo.tab:md5,d41d8cd98f00b204e9800998ecf8427e",
                            "genomeParameters.txt:md5,d41d8cd98f00b204e9800998ecf8427e",
                            "sjdbInfo.txt:md5,d41d8cd98f00b204e9800998ecf8427e",
                            "sjdbList.fromGTF.out.tab:md5,d41d8cd98f00b204e9800998ecf8427e",
                            "sjdbList.out.tab:md5,d41d8cd98f00b204e9800998ecf8427e",
                            "transcriptInfo.tab:md5,d41d8cd98f00b204e9800998ecf8427e"
                        ]
                    ]
                ],
                "tin_ref": [
                    "transcripts.protein_coding_only.bed12:md5,d41d8cd98f00b204e9800998ecf8427e"
                ]
            }
        ],
        "timestamp": "2026-09-18T17:42:04.23468018",
        "meta": {
            "nf-test": "0.9.5",
            "nextflow": "26.04.0"
        }
    }
}
