{
    "sarscov2 - human": {
        "content": [
            "test_1_screen.txt",
            "test_1_screen.png",
            "test_1_screen.html",
            {
                "versions_fastqscreen": [
                    [
                        "FASTQSCREEN_FASTQSCREEN",
                        "fastqscreen",
                        "0.13.0"
                    ]
                ]
            }
        ],
        "timestamp": "2026-06-23T16:35:21.733903015",
        "meta": {
            "nf-test": "0.9.5",
            "nextflow": "25.10.0"
        }
    },
    "sarscov2 - human - tags": {
        "content": [
            [
                [
                    {
                        "id": "test",
                        "single_end": false
                    },
                    "test_1_screen.txt:md5,54bae94ef6bbbef52d44723b09cb3f8e"
                ]
            ],
            [
                [
                    {
                        "id": "test",
                        "single_end": false
                    },
                    [
                        "test_1.tagged.fastq.gz:md5,f742b162c43ce28f80b89608d5c47f3d",
                        "test_1.tagged_filter.fastq.gz:md5,28527a76bb0bb3fce0ee76afe01e90aa"
                    ]
                ]
            ],
            [
                "<!DOCTYPE html>",
                "<html>",
                "",
                "",
                "<!-- Style, and Plotly code -->",
                "<head>",
                "\t<meta http-equiv=\"content-type\" content=\"text/html; charset=UTF-8\">",
                "\t<title>FastQ Screen Processing Report - test_1.fastq.gz</title>",
                "\t<style type=\"text/css\">",
                "\t\tbody {",
                "\t\t\tfont-family: Arial, sans-serif;"
            ],
            "test_1_screen.png"
        ],
        "timestamp": "2026-06-23T16:35:58.778591789",
        "meta": {
            "nf-test": "0.9.5",
            "nextflow": "25.10.0"
        }
    },
    "sarscov2 - human - stub": {
        "content": [
            {
                "0": [
                    [
                        {
                            "id": "test",
                            "single_end": true
                        },
                        "test_screen.txt:md5,d41d8cd98f00b204e9800998ecf8427e"
                    ]
                ],
                "1": [
                    [
                        {
                            "id": "test",
                            "single_end": true
                        },
                        "test_screen.png:md5,d41d8cd98f00b204e9800998ecf8427e"
                    ]
                ],
                "2": [
                    [
                        {
                            "id": "test",
                            "single_end": true
                        },
                        "test_screen.html:md5,d41d8cd98f00b204e9800998ecf8427e"
                    ]
                ],
                "3": [

                ],
                "4": [
                    [
                        "FASTQSCREEN_FASTQSCREEN",
                        "fastqscreen",
                        "0.13.0"
                    ]
                ],
                "fastq": [

                ],
                "html": [
                    [
                        {
                            "id": "test",
                            "single_end": true
                        },
                        "test_screen.html:md5,d41d8cd98f00b204e9800998ecf8427e"
                    ]
                ],
                "png": [
                    [
                        {
                            "id": "test",
                            "single_end": true
                        },
                        "test_screen.png:md5,d41d8cd98f00b204e9800998ecf8427e"
                    ]
                ],
                "txt": [
                    [
                        {
                            "id": "test",
                            "single_end": true
                        },
                        "test_screen.txt:md5,d41d8cd98f00b204e9800998ecf8427e"
                    ]
                ],
                "versions_fastqscreen": [
                    [
                        "FASTQSCREEN_FASTQSCREEN",
                        "fastqscreen",
                        "0.13.0"
                    ]
                ]
            }
        ],
        "timestamp": "2026-06-23T16:50:14.786928788",
        "meta": {
            "nf-test": "0.9.5",
            "nextflow": "25.10.0"
        }
    }
}
