{
    "arriba_workflow - homo_sapiens - paired_end - stub": {
        "content": [
            {
                "0": [
                    [
                        {
                            "id": "test",
                            "single_end": false
                        },
                        "test.fusions.tsv:md5,f50b84b1db4b83ba62ec1deacc69c260"
                    ]
                ],
                "1": [
                    [
                        {
                            "id": "test",
                            "single_end": false
                        },
                        "test.fusions.discarded.tsv:md5,f50b84b1db4b83ba62ec1deacc69c260"
                    ]
                ],
                "2": [
                    [
                        {
                            "id": "test",
                            "single_end": false
                        },
                        "test.p2.arribaXd.out].sorted.bam:md5,d41d8cd98f00b204e9800998ecf8427e",
                        "test.p2.arribaXd.out].sorted.bam.bai:md5,d41d8cd98f00b204e9800998ecf8427e"
                    ]
                ],
                "3": [
                    [
                        {
                            "id": "test",
                            "single_end": false
                        },
                        "test.pdf:md5,d41d8cd98f00b204e9800998ecf8427e"
                    ]
                ],
                "4": [
                    [
                        {
                            "id": "test",
                            "single_end": false
                        },
                        "test.p2.arriba.Log.final.out:md5,d41d8cd98f00b204e9800998ecf8427e"
                    ]
                ],
                "bam": [
                    [
                        {
                            "id": "test",
                            "single_end": false
                        },
                        "test.p2.arribaXd.out].sorted.bam:md5,d41d8cd98f00b204e9800998ecf8427e",
                        "test.p2.arribaXd.out].sorted.bam.bai:md5,d41d8cd98f00b204e9800998ecf8427e"
                    ]
                ],
                "fusions": [
                    [
                        {
                            "id": "test",
                            "single_end": false
                        },
                        "test.fusions.tsv:md5,f50b84b1db4b83ba62ec1deacc69c260"
                    ]
                ],
                "fusions_fail": [
                    [
                        {
                            "id": "test",
                            "single_end": false
                        },
                        "test.fusions.discarded.tsv:md5,f50b84b1db4b83ba62ec1deacc69c260"
                    ]
                ],
                "pdf": [
                    [
                        {
                            "id": "test",
                            "single_end": false
                        },
                        "test.pdf:md5,d41d8cd98f00b204e9800998ecf8427e"
                    ]
                ],
                "star_log": [
                    [
                        {
                            "id": "test",
                            "single_end": false
                        },
                        "test.p2.arriba.Log.final.out:md5,d41d8cd98f00b204e9800998ecf8427e"
                    ]
                ]
            }
        ],
        "timestamp": "2026-07-06T15:45:44.955607703",
        "meta": {
            "nf-test": "0.9.5",
            "nextflow": "25.10.0"
        }
    }
}
