{
    "sarscov2 - paired_end - per-sample two-pass basic (star_2_pass_basic = true)": {
        "content": [
            [
                "test.p2.Log.final.out",
                "test.p2.Log.out",
                "test.p2.Log.progress.out"
            ],
            [
                [
                    {
                        "id": "test",
                        "single_end": false
                    },
                    "test.p2.SJ.out.tab:md5,f0a74ccbae0644bc32b8ec41ed85c114"
                ]
            ],
            [
                [
                    {
                        "id": "test",
                        "single_end": false
                    },
                    "test.p2.ReadsPerGene.out.tab:md5,7694e3d06e8db4fcac12a8d00bd0709e"
                ]
            ],
            {

            }
        ],
        "timestamp": "2026-07-08T13:08:27.724128831",
        "meta": {
            "nf-test": "0.9.5",
            "nextflow": "25.10.0"
        }
    }
}
